Servicelog ID:      1
Log Timestamp:      Tue Jun 16 07:41:52 2020
Event Timestamp:    Tue Jul 22 20:07:18 2003
Update Timestamp:   Tue Jun 16 07:41:52 2020
Type:               Basic Event
Severity:           4 (WARNING)
Platform:           ppc64le
Model/Serial:       9008-22L/786EC7A
Node Name:          ltc-zz14-lp8
Reference Code:     A1F-500
Serviceable Event:  Yes
Predictive Event:   Yes
Disposition:        2 (Unrecoverable, Bypassed)
Call Home Status:   1 (Call Home Candidate)
Status:             Open

Description:
Recoverable errors on resource indicate trend toward unrecoverable error.
However the resource could not be deconfigured and is still in use.

