Servicelog ID:      1
Log Timestamp:      Tue Jun 16 08:16:17 2020
Event Timestamp:    Thu Jun 17 18:53:36 2004
Update Timestamp:   Tue Jun 16 08:16:17 2020
Type:               Basic Event
Severity:           4 (WARNING)
Platform:           ppc64le
Model/Serial:       9008-22L/786EC7A
Node Name:          ltc-zz14-lp8
Reference Code:     A03-150
Serviceable Event:  Yes
Predictive Event:   No
Disposition:        2 (Unrecoverable, Bypassed)
Call Home Status:   1 (Call Home Candidate)
Status:             Open

Description:
I/O Expansion Bus Connection Failure.


<< Callout 1 >>
Priority             
Type                0
Procedure Id:       n/a
Location:           U0.2-P1.1/Q1#
FRU:                n/a
Serial:             
CCIN:               


<< Callout 2 >>
Priority             
Type                0
Procedure Id:       n/a
Location:           U0.2-P1.1
FRU:                n/a
Serial:             
CCIN:               


<< Callout 3 >>
Priority             
Type                0
Procedure Id:       n/a
Location:           U0.1-P1
FRU:                n/a
Serial:             
CCIN:               

