Servicelog ID:      1
Log Timestamp:      Tue Jun 16 10:22:19 2020
Event Timestamp:    Fri Mar 16 03:54:10 2007
Update Timestamp:   Tue Jun 16 10:22:19 2020
Type:               Power Platform (RTAS) Event
Severity:           4 (WARNING)
Platform:           ppc64le
Model/Serial:       9111-520/10D3D2C
Node Name:          ltc-zz14-lp8
Reference Code:     BA188002                        
Serviceable Event:  Yes
Predictive Event:   Yes
Disposition:        0 (Recoverable)
Call Home Status:   1 (Call Home Candidate)
Status:             Open
Action Flags:       b800
Event Type:         224 - Platform Event
Kernel ID:          1000
Platform ID:        00000583
Creator ID:         L - Partition Firmware
Subsystem ID:       83 - Platform firmware
RTAS Severity:      20 - Predictive Error, general
Event Subtype:      00 - Not applicable

Extended Reference Codes:
2: 20202020  3: 20202020  4: 20202020  5: 20202020
6: 20202020  7: 20202020  8: 20202020  9: 20202020

Description:
Platform Firmware Predictive Error, general. Refer to the system service
documentation for more information.

EEH could not recover the failed I/O adapter, Location U787A.001.DNZ00Z5-P1-C3


<< Callout 1 >>
Priority            H
Type                16
Procedure Id:       
Location:           U787A.001.DNZ00Z5-P1-C3
FRU:                
Serial:             
CCIN:               


<< Callout 2 >>
Priority            L
Type                16
Procedure Id:       
Location:           U787A.001.DNZ00Z5-P1
FRU:                
Serial:             
CCIN:               

