Servicelog ID:      1
Log Timestamp:      Wed Jun 17 03:06:43 2020
Event Timestamp:    Thu Jan  1 06:39:04 1970
Update Timestamp:   Wed Jun 17 04:06:43 2020
Type:               Power Platform (RTAS) Event
Severity:           3 (EVENT)
Platform:           ppc64le
Model/Serial:       9111-520/10D3D2C 
Node Name:          ltc-zz14-lp8
Reference Code:     B7004400                        
Serviceable Event:  No
Predictive Event:   No
Disposition:        0 (Recoverable)
Call Home Status:   0 (None Needed)
Status:             Closed
Action Flags:       0000
Event Type:         228 - Dump Notification Event
Kernel ID:          1000
Platform ID:        82000096
Creator ID:         H - Hypervisor
Subsystem ID:       82 - Platform firmware
RTAS Severity:      00 - Informational or non-error event
Event Subtype:      08 - Dump Notification

Extended Reference Codes:
2: 00000000  3: 00000000  4: 00000000  5: 00000000
6: 00000000  7: 00000000  8: 00000000  9: 00000000

Description:
Platform Firmware Informational (non-error) Event. Refer to the system service
documentation for more information.

Platform Dump (could not be retrieved to filesystem)

