Servicelog ID:      1
Log Timestamp:      Wed Jun 17 04:41:55 2020
Event Timestamp:    Mon Oct  4 21:39:25 2004
Update Timestamp:   Wed Jun 17 04:41:55 2020
Type:               Power Platform (RTAS) Event
Severity:           4 (WARNING)
Platform:           ppc64le
Model/Serial:       9123-710/1012345
Node Name:          ltc-zz14-lp8
Reference Code:     B112E500                        
Serviceable Event:  Yes
Predictive Event:   Yes
Disposition:        0 (Recoverable)
Call Home Status:   1 (Call Home Candidate)
Status:             Open
Action Flags:       a800
Event Type:         224 - Platform Event
Kernel ID:          1000
Platform ID:        50005a35
Creator ID:         E - Service Processor
Subsystem ID:       12 - Processor subsystem including internal cache
RTAS Severity:      20 - Predictive Error, general
Event Subtype:      00 - Not applicable

Extended Reference Codes:
2: 030000f0  3: 261c0110  4: c13920ff  5: 40000000
6: 00811630  7: 00000001  8: 00000006  9: 00000000

Description:
Processor subsystem including internal cache Predictive Error, general. Refer
to the system service documentation for more information.


<< Callout 1 >>
Priority            M
Type                64
Procedure Id:       FSPSP24
Location:           
FRU:                
Serial:             
CCIN:               


<< Callout 2 >>
Priority            L
Type                16
Procedure Id:       
Location:           U787E.001.0654321-P1
FRU:                80P5642
Serial:             YL30F4148008
CCIN:               261C

