Servicelog ID:      1
Log Timestamp:      Wed Jun 17 04:30:12 2020
Event Timestamp:    Mon Aug  9 16:50:52 2004
Update Timestamp:   Wed Jun 17 04:30:12 2020
Type:               Power Platform (RTAS) Event
Severity:           4 (WARNING)
Platform:           ppc64le
Model/Serial:       9406-520/100098A
Node Name:          ltc-zz14-lp8
Reference Code:     11001520                        
Serviceable Event:  Yes
Predictive Event:   No
Disposition:        2 (Unrecoverable, Bypassed)
Call Home Status:   1 (Call Home Candidate)
Status:             Open
Action Flags:       a800
Event Type:         224 - Platform Event
Kernel ID:          1000
Platform ID:        5002e21c
Creator ID:         E - Service Processor
Subsystem ID:       61 - Power/Cooling subsystem
RTAS Severity:      44 - Unrecoverable Error, bypassed with loss of redundancy
Event Subtype:      00 - Not applicable

Extended Reference Codes:
2: 003c0001  3: 00000000  4: 00000000  5: 00000000
6: 00000000  7: 00000000  8: 00000000  9: 00000000

Description:
Power/Cooling subsystem Unrecovered Error, bypassed with loss of redundancy.
Refer to the system service documentation for more information.


<< Callout 1 >>
Priority            L
Type                192
Procedure Id:       
Location:           U787A.001.10AD80G
FRU:                PWRSPLY
Serial:             
CCIN:               


<< Callout 2 >>
Priority            L
Type                16
Procedure Id:       
Location:           U787A.001.10AD80G-P1-C7
FRU:                80P3897
Serial:             YL10F4021042
CCIN:               28D7

